---
source: tests/snapshot_tests.rs
expression: "(minions, recording)"
---
- ? idx: 1
    version: 1
  : Golden Stormscale Siren
  ? idx: 2
    version: 1
  : Glowscale
  ? idx: 3
    version: 1
  : Golden Lieutenant Garr
  ? idx: 4
    version: 1
  : Fleet Admiral Tethys
  ? idx: 5
    version: 1
  : Golden Sanguine Champion
  ? idx: 6
    version: 1
  : Golden Sanguine Champion
  ? idx: 7
    version: 1
  : Golden Eelbound Archer
  ? idx: 8
    version: 1
  : Rendle the Mistermind
  ? idx: 9
    version: 1
  : Golden Cyborg Drake
  ? idx: 10
    version: 1
  : Golden Disco Shuffler
  ? idx: 11
    version: 1
  : Golden Harvest Golem
  ? idx: 12
    version: 1
  : Majordomo Executus
  ? idx: 13
    version: 1
  : Friend of a Friend
  ? idx: 14
    version: 1
  : Carbonic Copy
- - ProposeAttack:
      attacker:
        idx: 1
        version: 1
      defender:
        idx: 2
        version: 1
      is_outer_phase: true
  - DeathCheck: ~
  - Attack:
      attacker:
        idx: 1
        version: 1
      defender:
        idx: 2
        version: 1
      is_outer_phase: true
  - TakeDamage:
      target:
        idx: 2
        version: 1
      amount: 12
      source:
        idx: 1
        version: 1
  - TakeDamage:
      target:
        idx: 1
        version: 1
      amount: 4
      source:
        idx: 2
        version: 1
  - DeathCheck: ~
  - Death:
      minion:
        idx: 2
        version: 1
      source:
        idx: 4294967295
        version: 1
  - Remove:
      minion:
        idx: 2
        version: 1
  - ActivateEffect:
      generic_associated_event_handler:
        Death:
          event:
            minion:
              idx: 2
              version: 1
            source:
              idx: 4294967295
              version: 1
          ass_handler:
            minion:
              idx: 11
              version: 1
  - AfterAttack:
      attacker:
        idx: 1
        version: 1
      defender:
        idx: 2
        version: 1
      is_outer_phase: true
  - DeathCheck: ~
  - ProposeAttack:
      attacker:
        idx: 4
        version: 1
      defender:
        idx: 3
        version: 1
      is_outer_phase: true
  - DeathCheck: ~
  - Attack:
      attacker:
        idx: 4
        version: 1
      defender:
        idx: 3
        version: 1
      is_outer_phase: true
  - TakeDamage:
      target:
        idx: 3
        version: 1
      amount: 5
      source:
        idx: 4
        version: 1
  - TakeDamage:
      target:
        idx: 4
        version: 1
      amount: 16
      source:
        idx: 3
        version: 1
  - DeathCheck: ~
  - Death:
      minion:
        idx: 4
        version: 1
      source:
        idx: 4294967295
        version: 1
  - Remove:
      minion:
        idx: 4
        version: 1
  - ActivateEffect:
      generic_associated_event_handler:
        Death:
          event:
            minion:
              idx: 4
              version: 1
            source:
              idx: 4294967295
              version: 1
          ass_handler:
            minion:
              idx: 11
              version: 1
  - AfterAttack:
      attacker:
        idx: 4
        version: 1
      defender:
        idx: 3
        version: 1
      is_outer_phase: true
  - DeathCheck: ~
  - ProposeAttack:
      attacker:
        idx: 3
        version: 1
      defender:
        idx: 10
        version: 1
      is_outer_phase: true
  - DeathCheck: ~
  - Attack:
      attacker:
        idx: 3
        version: 1
      defender:
        idx: 10
        version: 1
      is_outer_phase: true
  - TakeDamage:
      target:
        idx: 10
        version: 1
      amount: 16
      source:
        idx: 3
        version: 1
  - TakeDamage:
      target:
        idx: 3
        version: 1
      amount: 8
      source:
        idx: 10
        version: 1
  - DeathCheck: ~
  - Death:
      minion:
        idx: 10
        version: 1
      source:
        idx: 4294967295
        version: 1
  - Remove:
      minion:
        idx: 10
        version: 1
  - ActivateEffect:
      generic_associated_event_handler:
        Death:
          event:
            minion:
              idx: 10
              version: 1
            source:
              idx: 4294967295
              version: 1
          ass_handler:
            minion:
              idx: 11
              version: 1
  - AfterAttack:
      attacker:
        idx: 3
        version: 1
      defender:
        idx: 10
        version: 1
      is_outer_phase: true
  - DeathCheck: ~
  - ProposeAttack:
      attacker:
        idx: 6
        version: 1
      defender:
        idx: 3
        version: 1
      is_outer_phase: true
  - DeathCheck: ~
  - Attack:
      attacker:
        idx: 6
        version: 1
      defender:
        idx: 3
        version: 1
      is_outer_phase: true
  - TakeDamage:
      target:
        idx: 3
        version: 1
      amount: 36
      source:
        idx: 6
        version: 1
  - TakeDamage:
      target:
        idx: 6
        version: 1
      amount: 16
      source:
        idx: 3
        version: 1
  - DeathCheck: ~
  - Death:
      minion:
        idx: 6
        version: 1
      source:
        idx: 4294967295
        version: 1
  - Remove:
      minion:
        idx: 6
        version: 1
  - ActivateEffect:
      generic_associated_event_handler:
        Death:
          event:
            minion:
              idx: 6
              version: 1
            source:
              idx: 4294967295
              version: 1
          ass_handler:
            minion:
              idx: 11
              version: 1
  - Death:
      minion:
        idx: 3
        version: 1
      source:
        idx: 4294967295
        version: 1
  - Remove:
      minion:
        idx: 3
        version: 1
  - ActivateEffect:
      generic_associated_event_handler:
        Death:
          event:
            minion:
              idx: 3
              version: 1
            source:
              idx: 4294967295
              version: 1
          ass_handler:
            minion:
              idx: 11
              version: 1
  - AfterAttack:
      attacker:
        idx: 6
        version: 1
      defender:
        idx: 3
        version: 1
      is_outer_phase: true
  - DeathCheck: ~
  - ProposeAttack:
      attacker:
        idx: 5
        version: 1
      defender:
        idx: 8
        version: 1
      is_outer_phase: true
  - DeathCheck: ~
  - Attack:
      attacker:
        idx: 5
        version: 1
      defender:
        idx: 8
        version: 1
      is_outer_phase: true
  - TakeDamage:
      target:
        idx: 8
        version: 1
      amount: 36
      source:
        idx: 5
        version: 1
  - TakeDamage:
      target:
        idx: 5
        version: 1
      amount: 4
      source:
        idx: 8
        version: 1
  - DeathCheck: ~
  - Death:
      minion:
        idx: 8
        version: 1
      source:
        idx: 4294967295
        version: 1
  - Remove:
      minion:
        idx: 8
        version: 1
  - ActivateEffect:
      generic_associated_event_handler:
        Death:
          event:
            minion:
              idx: 8
              version: 1
            source:
              idx: 4294967295
              version: 1
          ass_handler:
            minion:
              idx: 11
              version: 1
  - AfterAttack:
      attacker:
        idx: 5
        version: 1
      defender:
        idx: 8
        version: 1
      is_outer_phase: true
  - DeathCheck: ~
  - ProposeAttack:
      attacker:
        idx: 12
        version: 1
      defender:
        idx: 1
        version: 1
      is_outer_phase: true
  - DeathCheck: ~
  - Attack:
      attacker:
        idx: 12
        version: 1
      defender:
        idx: 1
        version: 1
      is_outer_phase: true
  - TakeDamage:
      target:
        idx: 1
        version: 1
      amount: 6
      source:
        idx: 12
        version: 1
  - TakeDamage:
      target:
        idx: 12
        version: 1
      amount: 12
      source:
        idx: 1
        version: 1
  - DeathCheck: ~
  - Death:
      minion:
        idx: 12
        version: 1
      source:
        idx: 4294967295
        version: 1
  - Remove:
      minion:
        idx: 12
        version: 1
  - ActivateEffect:
      generic_associated_event_handler:
        Death:
          event:
            minion:
              idx: 12
              version: 1
            source:
              idx: 4294967295
              version: 1
          ass_handler:
            minion:
              idx: 11
              version: 1
  - Death:
      minion:
        idx: 1
        version: 1
      source:
        idx: 4294967295
        version: 1
  - Remove:
      minion:
        idx: 1
        version: 1
  - ActivateEffect:
      generic_associated_event_handler:
        Death:
          event:
            minion:
              idx: 1
              version: 1
            source:
              idx: 4294967295
              version: 1
          ass_handler:
            minion:
              idx: 11
              version: 1
  - AfterAttack:
      attacker:
        idx: 12
        version: 1
      defender:
        idx: 1
        version: 1
      is_outer_phase: true
  - DeathCheck: ~
  - ProposeAttack:
      attacker:
        idx: 7
        version: 1
      defender:
        idx: 14
        version: 1
      is_outer_phase: true
  - DeathCheck: ~
  - Attack:
      attacker:
        idx: 7
        version: 1
      defender:
        idx: 14
        version: 1
      is_outer_phase: true
  - TakeDamage:
      target:
        idx: 14
        version: 1
      amount: 8
      source:
        idx: 7
        version: 1
  - TakeDamage:
      target:
        idx: 7
        version: 1
      amount: 3
      source:
        idx: 14
        version: 1
  - DeathCheck: ~
  - Death:
      minion:
        idx: 14
        version: 1
      source:
        idx: 4294967295
        version: 1
  - Remove:
      minion:
        idx: 14
        version: 1
  - ActivateEffect:
      generic_associated_event_handler:
        Death:
          event:
            minion:
              idx: 14
              version: 1
            source:
              idx: 4294967295
              version: 1
          ass_handler:
            minion:
              idx: 11
              version: 1
  - AfterAttack:
      attacker:
        idx: 7
        version: 1
      defender:
        idx: 14
        version: 1
      is_outer_phase: true
  - DeathCheck: ~
  - End: BottomWin

